******************************************************************************
              TMS320C55x Linker PC v4.3.6                      
******************************************************************************
>> Linked Fri Oct 16 15:09:36 2020

OUTPUT FILE NAME:   <Ex3.out>
ENTRY POINT SYMBOL: "_c_int00"  address: 0002081b


MEMORY CONFIGURATION

         name            origin    length      used     unused   attr    fill
                        (bytes)   (bytes)    (bytes)   (bytes)
----------------------  --------  ---------  --------  --------  ----  --------
PAGE 0:
  MMR                   00000000   000000c0  00000000  000000c0  RWIX
  DARAM0                000000c0   0000ff40  00003018  0000cf28  RWIX
  SARAM0                00010000   00010000  00000000  00010000  RWIX
  SARAM1                00020000   00020000  00000891  0001f76f  RWIX
  SARAM2                00040000   0000fe00  0000004a  0000fdb6  RWIX
  VECS                  0004fe00   00000200  00000100  00000100  RWIX
  PDROM                 00ff8000   00008000  00000000  00008000  R IX

PAGE 2:
  IOPORT                00000000   00020000  00000000  00020000  RWI 


SECTION ALLOCATION MAP
(Addresses surrounded by []'s are displayed for convenience only!)

output                                                          attributes/
section   page  orgn(bytes) orgn(words) len(bytes) len(words)   input sections
--------  ----  ----------- ----------- ---------- ----------   --------------
.pinit       0   [ 00040000 ]  00020000          *   00000000   UNINITIALIZED

.stack       0   [ 000000c0 ]  00000060          *   00001000   UNINITIALIZED
                 [ 000000c0 ]  00000060          *   00001000   --HOLE--

.data        0   [ 000000c0 ]  00000060          *   00000000   UNINITIALIZED

.sysstack 
*            0   [ 000020c0 ]  00001060          *   00000800   UNINITIALIZED
                 [ 000020c0 ]  00001060          *   00000800   --HOLE--

.bss         0   [ 000030c0 ]  00001860          *   0000000c   UNINITIALIZED
                 [ 000030c0 ]  00001860          *   00000004   rts55x.lib : _lock.obj (.bss)
                 [ 000030c8 ]  00001864          *   00000004              : exit.obj (.bss)
                 [ 000030d0 ]  00001868          *   00000003   sar.obj (.bss)
                 [ 000030d6 ]  0000186b          *   00000001   usbstk5515bsl.lib : usbstk5515_i2c.obj (.bss)

.text        0     00020000  [ 00010000 ] 00000891          *   
                   00020000  [ 00010000 ] 00000230          *   sar.obj (.text)
                   00020230  [ 00010118 ] 0000022d          *   AIC_func.obj (.text)
                   0002045d  [ 0001022e+] 00000156          *   usbstk5515bsl.lib : usbstk5515_gpio.obj (.text)
                   000205b3  [ 000102d9+] 0000013e          *                     : usbstk5515_i2c.obj (.text)
                   000206f1  [ 00010378+] 00000054          *                     : usbstk5515.obj (.text)
                   00020745  [ 000103a2+] 0000004d          *   rts55x.lib : autoinit.obj (.text)
                   00020792  [ 000103c9 ] 0000004b          *              : args_main.obj (.text)
                   000207dd  [ 000103ee+] 0000003e          *              : exit.obj (.text)
                   0002081b  [ 0001040d+] 00000034          *              : boot.obj (.text)
                   0002084f  [ 00010427+] 00000026          *   main.obj (.text)
                   00020875  [ 0001043a+] 00000012          *   rts55x.lib : _lock.obj (.text)
                   00020887  [ 00010443+] 00000007          *              : exit.obj (.text:CIO_breakpoint)
                   0002088e  [ 00010447 ] 00000002          *              : vectors.obj (.text)
                   00020890  [ 00010448 ] 00000001          *   --HOLE-- [fill = 20]

.cinit       0   [ 00040000 ]  00020000          *   00000025   
                 [ 00040000 ]  00020000          *   0000000c   sar.obj (.cinit)
                 [ 00040018 ]  0002000c          *   0000000a   rts55x.lib : _lock.obj (.cinit)
                 [ 0004002c ]  00020016          *   0000000a              : exit.obj (.cinit)
                 [ 00040040 ]  00020020          *   00000004   usbstk5515bsl.lib : usbstk5515_i2c.obj (.cinit)
                 [ 00040048 ]  00020024          *   00000001   --HOLE-- [fill = 0]

vectors      0     0004fe00  [ 00027f00 ] 00000100          *   
                   0004fe00  [ 00027f00 ] 00000100          *   rts55x.lib : vectors.obj (vectors)


GLOBAL SYMBOLS: SORTED ALPHABETICALLY BY Name 

abs. value/
byte addr   word addr   name
---------   ---------   ----
00000002                $TI_capability$C5500$CallingConvention
00000002                $TI_capability$C5500$MemoryModel
00000001                $TI_capability_requires_rev3
ffffffff                .bss
ffffffff                .data
ffffffff                .text
00020888                C$$EXIT
00020230                _AIC3204_rset
00020252                _AIC_init
00020456                _AIC_off
000203f0                _AIC_read2
00020431                _AIC_write2
00020192                _Get_Key_Human
00020089                _Get_Sar_Key
00020000                _Init_SAR
00020018                _Read_GPAIN1
0004fe00                _Reset
0002055b                _USBSTK5515_GPIO_getInput
0002045d                _USBSTK5515_GPIO_init
00020461                _USBSTK5515_GPIO_setDirection
000204de                _USBSTK5515_GPIO_setOutput
000205d2                _USBSTK5515_I2C_close
000205b3                _USBSTK5515_I2C_init
00020678                _USBSTK5515_I2C_read
000205db                _USBSTK5515_I2C_reset
000205e9                _USBSTK5515_I2C_write
00020737                _USBSTK5515_init
000206f1                _USBSTK5515_wait
00020725                _USBSTK5515_waitusec
            00001060    __STACK_END
00002000                __STACK_SIZE
00001000                __SYSSTACK_SIZE
ffffffff                ___binit__
ffffffff                ___bss__
ffffffff                ___c_args__
            00020000    ___cinit__
ffffffff                ___data__
ffffffff                ___edata__
ffffffff                ___end__
ffffffff                ___etext__
ffffffff                ___pinit__
ffffffff                ___text__
00020792                __args_main
            00001864    __cleanup_ptr
            00001866    __dtors_ptr
            00001860    __lock
00020885                __nop
0002087d                __register_lock
00020875                __register_unlock
            00000060    __stack
            00001060    __sysstack
            00001862    __unlock
00020887                _abort
00020745                _auto_init
0002081b                _c_int00
000207dd                _exit
            0000186b    _i2c_timeout
            00001869    _keyCnt1
            0000186a    _keyCnt2
0002084f                _main
            00001868    _preKey
ffffffff                binit
            00020000    cinit
ffffffff                edata
ffffffff                end
ffffffff                etext
ffffffff                pinit


GLOBAL SYMBOLS: SORTED BY Symbol Address 

abs. value/
byte addr   word addr   name
---------   ---------   ----
00000001                $TI_capability_requires_rev3
00000002                $TI_capability$C5500$CallingConvention
00000002                $TI_capability$C5500$MemoryModel
            00000060    __stack
00001000                __SYSSTACK_SIZE
00002000                __STACK_SIZE
            00001060    __STACK_END
            00001060    __sysstack
            00001860    __lock
            00001862    __unlock
            00001864    __cleanup_ptr
            00001866    __dtors_ptr
            00001868    _preKey
            00001869    _keyCnt1
            0000186a    _keyCnt2
            0000186b    _i2c_timeout
00020000                _Init_SAR
00020018                _Read_GPAIN1
00020089                _Get_Sar_Key
00020192                _Get_Key_Human
00020230                _AIC3204_rset
00020252                _AIC_init
000203f0                _AIC_read2
00020431                _AIC_write2
00020456                _AIC_off
0002045d                _USBSTK5515_GPIO_init
00020461                _USBSTK5515_GPIO_setDirection
000204de                _USBSTK5515_GPIO_setOutput
0002055b                _USBSTK5515_GPIO_getInput
000205b3                _USBSTK5515_I2C_init
000205d2                _USBSTK5515_I2C_close
000205db                _USBSTK5515_I2C_reset
000205e9                _USBSTK5515_I2C_write
00020678                _USBSTK5515_I2C_read
000206f1                _USBSTK5515_wait
00020725                _USBSTK5515_waitusec
00020737                _USBSTK5515_init
00020745                _auto_init
00020792                __args_main
000207dd                _exit
0002081b                _c_int00
0002084f                _main
00020875                __register_unlock
0002087d                __register_lock
00020885                __nop
00020887                _abort
00020888                C$$EXIT
            00020000    ___cinit__
            00020000    cinit
0004fe00                _Reset
ffffffff                .bss
ffffffff                .data
ffffffff                .text
ffffffff                ___binit__
ffffffff                ___bss__
ffffffff                ___c_args__
ffffffff                ___data__
ffffffff                ___edata__
ffffffff                ___end__
ffffffff                ___etext__
ffffffff                ___pinit__
ffffffff                ___text__
ffffffff                binit
ffffffff                edata
ffffffff                end
ffffffff                etext
ffffffff                pinit

[67 symbols]
