******************************************************************************
              TMS320C55x Linker PC v4.3.6                      
******************************************************************************
>> Linked Fri Oct 16 14:51:53 2020

OUTPUT FILE NAME:   <Ex1.out>
ENTRY POINT SYMBOL: "_c_int00"  address: 000242df


MEMORY CONFIGURATION

         name            origin    length      used     unused   attr    fill
                        (bytes)   (bytes)    (bytes)   (bytes)
----------------------  --------  ---------  --------  --------  ----  --------
PAGE 0:
  MMR                   00000000   000000c0  00000000  000000c0  RWIX
  DARAM0                000000c0   0000ff40  000057a2  0000a79e  RWIX
  SARAM0                00010000   00010000  00000000  00010000  RWIX
  SARAM1                00020000   00020000  00004403  0001bbfd  RWIX
  SARAM2                00040000   0000fe00  00000360  0000faa0  RWIX
  VECS                  0004fe00   00000200  00000100  00000100  RWIX
  PDROM                 00ff8000   00008000  00000000  00008000  R IX

PAGE 2:
  IOPORT                00000000   00020000  00000000  00020000  RWI 


SECTION ALLOCATION MAP
(Addresses surrounded by []'s are displayed for convenience only!)

output                                                          attributes/
section   page  orgn(bytes) orgn(words) len(bytes) len(words)   input sections
--------  ----  ----------- ----------- ---------- ----------   --------------
.pinit       0   [ 00040000 ]  00020000          *   00000000   UNINITIALIZED

.stack       0   [ 000000c0 ]  00000060          *   00001000   UNINITIALIZED
                 [ 000000c0 ]  00000060          *   00001000   --HOLE--

.data        0   [ 000000c0 ]  00000060          *   00000000   UNINITIALIZED

.sysstack 
*            0   [ 000020c0 ]  00001060          *   00000800   UNINITIALIZED
                 [ 000020c0 ]  00001060          *   00000800   --HOLE--

.sysmem      0   [ 000030c0 ]  00001860          *   00001000   UNINITIALIZED
                 [ 000030c0 ]  00001860          *   00001000   --HOLE--

.bss.1       0   [ 000050c0 ]  00002860          *   0000025b   UNINITIALIZED
                 [ 000050c0 ]  00002860          *   00000119   rts55x.lib : defs.obj (.bss)
                 [ 000052f2 ]  00002979          *   000000d0              : trgdrv.obj (.bss)
                 [ 00005492 ]  00002a49          *   00000001              : fopen.obj (.bss)
                 [ 00005494 ]  00002a4a          *   00000071              : lowlev.obj (.bss)

.bss.2       0   [ 00005578 ]  00002abc          *   00000015   UNINITIALIZED
                 [ 00005578 ]  00002abc          *   00000006   rts55x.lib : memory.obj (.bss)
                 [ 00005584 ]  00002ac2          *   00000004   main.obj (.bss)
                 [ 0000558c ]  00002ac6          *   00000004   rts55x.lib : _lock.obj (.bss)
                 [ 00005594 ]  00002aca          *   00000004              : exit.obj (.bss)
                 [ 0000559c ]  00002ace          *   00000003   sar.obj (.bss)

.const.1     0   [ 000055a4 ]  00002ad2          *   00000101   
                 [ 000055a4 ]  00002ad2          *   00000101   rts55x.lib : ctype.obj (.const:__ctypes_)

.const.2     0   [ 000057a8 ]  00002bd4          *   00000060   
                 [ 000057a8 ]  00002bd4          *   00000024   rts55x.lib : _printfi.obj (.const:.string)
                 [ 000057f0 ]  00002bf8          *   00000022   main.obj (.const:.string)
                 [ 00005834 ]  00002c1a          *   0000000c   rts55x.lib : _printfi.obj (.const)
                 [ 0000584c ]  00002c26          *   00000008              : divd.obj (.const:_initial_approx$1)
                 [ 0000585c ]  00002c2e          *   00000002              : fputs.obj (.const:.string)
                 [ 00005860 ]  00002c30          *   00000002              : divd.obj (.const)
                 [ 00005864 ]  00002c32          *   00000002              : fltlid.obj (.const)

.text        0     00020000  [ 00010000 ] 00004403          *   
                   00020000  [ 00010000 ] 00001598          *   rts55x.lib : _printfi.obj (.text)
                   00021598  [ 00010acc ] 00000543          *              : lowlev.obj (.text)
                   00021adb  [ 00010d6d+] 00000528          *              : trgdrv.obj (.text)
                   00022003  [ 00011001+] 000004b5          *              : memory.obj (.text)
                   000224b8  [ 0001125c ] 0000036c          *              : divd.obj (.text)
                   00022824  [ 00011412 ] 0000027f          *              : fopen.obj (.text)
                   00022aa3  [ 00011551+] 0000025e          *              : llmpy.obj (.text)
                   00022d01  [ 00011680+] 00000259          *              : addd.obj (.text)
                   00022f5a  [ 000117ad ] 00000230          *   sar.obj (.text)
                   0002318a  [ 000118c5 ] 000001ea          *   rts55x.lib : cmpd.obj (.text)
                   00023374  [ 000119ba ] 00000163          *              : fputs.obj (.text)
                   000234d7  [ 00011a6b+] 0000014c          *              : mpyd.obj (.text)
                   00023623  [ 00011b11+] 00000138          *   main.obj (.text)
                   0002375b  [ 00011bad+] 000000e6          *   rts55x.lib : setvbuf.obj (.text)
                   00023841  [ 00011c20+] 000000dd          *              : _io_perm.obj (.text)
                   0002391e  [ 00011c8f ] 000000c8          *              : frcmpyd_div.obj (.text)
                   000239e6  [ 00011cf3 ] 000000c2          *              : fflush.obj (.text)
                   00023aa8  [ 00011d54 ] 000000ba          *              : trgmsg.obj (.text:CIO_breakpoint)
                   00023b62  [ 00011db1 ] 000000a6          *              : fputc.obj (.text)
                   00023c08  [ 00011e04 ] 000000a1          *              : divul.obj (.text)
                   00023ca9  [ 00011e54+] 0000007d          *              : ltoa.obj (.text)
                   00023d26  [ 00011e93 ] 0000007b          *              : fclose.obj (.text)
                   00023da1  [ 00011ed0+] 00000076          *              : frcmpyd.obj (.text)
                   00023e17  [ 00011f0b+] 00000072          *              : remul.obj (.text)
                   00023e89  [ 00011f44+] 0000006f          *              : fixdli.obj (.text)
                   00023ef8  [ 00011f7c ] 0000006d          *              : trgmsg.obj (.text)
                   00023f65  [ 00011fb2+] 0000006b          *              : fseek.obj (.text)
                   00023fd0  [ 00011fe8 ] 00000067          *              : fltlid.obj (.text)
                   00024037  [ 0001201b+] 0000005c          *              : atoi.obj (.text)
                   00024093  [ 00012049+] 00000054          *   usbstk5515bsl.lib : usbstk5515.obj (.text)
                   000240e7  [ 00012073+] 00000050          *   rts55x.lib : printf.obj (.text)
                   00024137  [ 0001209b+] 0000004d          *              : autoinit.obj (.text)
                   00024184  [ 000120c2 ] 0000004b          *              : args_main.obj (.text)
                   000241cf  [ 000120e7+] 0000004b          *              : remli.obj (.text)
                   0002421a  [ 0001210d ] 00000048          *              : divli.obj (.text)
                   00024262  [ 00012131 ] 0000003f          *              : memcpy.obj (.text)
                   000242a1  [ 00012150+] 0000003e          *              : exit.obj (.text)
                   000242df  [ 0001216f+] 00000034          *              : boot.obj (.text)
                   00024313  [ 00012189+] 0000002a          *              : fixdi.obj (.text)
                   0002433d  [ 0001219e+] 0000002a          *              : udiv.obj (.text)
                   00024367  [ 000121b3+] 00000023          *              : memccpy.obj (.text)
                   0002438a  [ 000121c5 ] 0000001c          *              : isinf.obj (.text)
                   000243a6  [ 000121d3 ] 00000014          *              : subd.obj (.text)
                   000243ba  [ 000121dd ] 00000013          *              : lmpy.obj (.text)
                   000243cd  [ 000121e6+] 00000012          *              : _lock.obj (.text)
                   000243df  [ 000121ef+] 00000010          *              : negd.obj (.text)
                   000243ef  [ 000121f7+] 0000000a          *              : remove.obj (.text)
                   000243f9  [ 000121fc+] 00000007          *              : exit.obj (.text:CIO_breakpoint)
                   00024400  [ 00012200 ] 00000002          *              : vectors.obj (.text)
                   00024402  [ 00012201 ] 00000001          *   --HOLE-- [fill = 20]

.cio         0   [ 00040000 ]  00020000          *   00000120   UNINITIALIZED
                 [ 00040000 ]  00020000          *   00000120   rts55x.lib : trgmsg.obj (.cio)

.cinit       0   [ 00040240 ]  00020120          *   00000090   
                 [ 00040240 ]  00020120          *   0000002d   rts55x.lib : lowlev.obj (.cinit)
                 [ 0004029a ]  0002014d          *   0000002a              : defs.obj (.cinit)
                 [ 000402ee ]  00020177          *   00000010   main.obj (.cinit)
                 [ 0004030e ]  00020187          *   0000000c   sar.obj (.cinit)
                 [ 00040326 ]  00020193          *   0000000a   rts55x.lib : _lock.obj (.cinit)
                 [ 0004033a ]  0002019d          *   0000000a              : exit.obj (.cinit)
                 [ 0004034e ]  000201a7          *   00000004              : fopen.obj (.cinit)
                 [ 00040356 ]  000201ab          *   00000004              : memory.obj (.cinit)
                 [ 0004035e ]  000201af          *   00000001   --HOLE-- [fill = 0]

vectors      0     0004fe00  [ 00027f00 ] 00000100          *   
                   0004fe00  [ 00027f00 ] 00000100          *   rts55x.lib : vectors.obj (vectors)


GLOBAL SYMBOLS: SORTED ALPHABETICALLY BY Name 

abs. value/
byte addr   word addr   name
---------   ---------   ----
00000002                $TI_capability$C5500$CallingConvention
00000002                $TI_capability$C5500$MemoryModel
00000001                $TI_capability_requires_rev3
ffffffff                .bss
ffffffff                .data
ffffffff                .text
000243fa                C$$EXIT
00023b5d                C$$IO$$
000243ba                I$$LMPY
0002433d                I$$UDIV
00024352                I$$UMOD
000230ec                _Get_Key_Human
00022fe3                _Get_Sar_Key
00021fa5                _HOSTclock
00021f3a                _HOSTclose
00021e85                _HOSTlseek
00021de6                _HOSTopen
00021d59                _HOSTread
00021cab                _HOSTrename
00021c4d                _HOSTtime
00021be3                _HOSTunlink
00021b56                _HOSTwrite
00022f5a                _Init_SAR
00023694                _My_LED_init
00022f72                _Read_GPAIN1
0004fe00                _Reset
000240d9                _USBSTK5515_init
00024093                _USBSTK5515_wait
000240c7                _USBSTK5515_waitusec
            00020000    __CIOBUF_
            00001060    __STACK_END
00002000                __STACK_SIZE
00002000                __SYSMEM_SIZE
00001000                __SYSSTACK_SIZE
ffffffff                ___binit__
ffffffff                ___bss__
ffffffff                ___c_args__
            00020120    ___cinit__
ffffffff                ___data__
ffffffff                ___edata__
ffffffff                ___end__
ffffffff                ___etext__
0002438a                ___isinf
ffffffff                ___pinit__
ffffffff                ___text__
00022d01                __addd
00024184                __args_main
00022945                __cleanup
            00002aca    __cleanup_ptr
0002331c                __cmpd
            00002ad2    __ctypes_
000224da                __divd
0002421a                __divli
00022ccc                __divlli
0002433d                __divu
00023c08                __divul
00022bd8                __divull
000239e6                __doflush
            00002acc    __dtors_ptr
000232e8                __eqld
00024313                __fixdi
00023e89                __fixdli
00023fd0                __fltlid
00023da1                __frcmpyd
0002391e                __frcmpyd_div
            00002978    __ft_end
            00002860    __ftable
0002329e                __geqd
00023253                __gtrd
00023206                __leqd
            00002ac6    __lock
000231be                __lssd
000234d7                __mpyd
000243ba                __mpyli
00022b20                __mpylli
000243df                __negd
0002318a                __neqd
000243dd                __nop
00021356                __printfi
000238c1                __rd_ok
000243d5                __register_lock
000243cd                __register_unlock
000241cf                __remli
00022af1                __remlli
00024352                __remu
00023e17                __remul
00022aa3                __remull
            00000060    __stack
000243a6                __subd
            00001860    __sys_memory
            00001060    __sysstack
            000028d8    __tmpnams
            00002ac8    __unlock
00023841                __wrt_ok
000243f9                _abort
000219eb                _add_device
00024037                _atoi
00024137                _auto_init
            00002ac2    _bitGpio14
            00002ac3    _bitGpio15
            00002ac4    _bitGpio16
            00002ac5    _bitGpio17
000242df                _c_int00
00022492                _calloc
0002248a                _chkheap
00021978                _close
000242a1                _exit
00023d26                _fclose
00023a4f                _fflush
0002196f                _find_registered_device
00022a68                _fopen
00023b62                _fputc
00023374                _fputs
00022003                _free
00022434                _free_memory
0002299f                _freopen
00023f65                _fseek
00021adb                _getenv
            00002acf    _keyCnt1
            00002ad0    _keyCnt2
00021909                _lseek
00023ca9                _ltoa
000236d8                _main
00022134                _malloc
000223da                _max_free
00024367                _memccpy
00024262                _memcpy
000220cf                _minit
0002184a                _open
            00002ace    _preKey
000240e7                _printf
00023b62                _putc
00023bf9                _putchar
000234a9                _puts
0002179c                _read
00023ef8                _readmsg
00022229                _realloc
000243ef                _remove
00021766                _remove_device
0002170d                _rename
0002375b                _setvbuf
00023623                _toggle_LED
000216da                _unlink
00021598                _write
00023aa8                _writemsg
ffffffff                binit
            00020120    cinit
ffffffff                edata
ffffffff                end
ffffffff                etext
ffffffff                pinit


GLOBAL SYMBOLS: SORTED BY Symbol Address 

abs. value/
byte addr   word addr   name
---------   ---------   ----
00000001                $TI_capability_requires_rev3
00000002                $TI_capability$C5500$CallingConvention
00000002                $TI_capability$C5500$MemoryModel
            00000060    __stack
00001000                __SYSSTACK_SIZE
00002000                __STACK_SIZE
00002000                __SYSMEM_SIZE
            00001060    __STACK_END
            00001060    __sysstack
            00001860    __sys_memory
            00002860    __ftable
            000028d8    __tmpnams
            00002978    __ft_end
            00002ac2    _bitGpio14
            00002ac3    _bitGpio15
            00002ac4    _bitGpio16
            00002ac5    _bitGpio17
            00002ac6    __lock
            00002ac8    __unlock
            00002aca    __cleanup_ptr
            00002acc    __dtors_ptr
            00002ace    _preKey
            00002acf    _keyCnt1
            00002ad0    _keyCnt2
            00002ad2    __ctypes_
00021356                __printfi
00021598                _write
000216da                _unlink
0002170d                _rename
00021766                _remove_device
0002179c                _read
0002184a                _open
00021909                _lseek
0002196f                _find_registered_device
00021978                _close
000219eb                _add_device
00021adb                _getenv
00021b56                _HOSTwrite
00021be3                _HOSTunlink
00021c4d                _HOSTtime
00021cab                _HOSTrename
00021d59                _HOSTread
00021de6                _HOSTopen
00021e85                _HOSTlseek
00021f3a                _HOSTclose
00021fa5                _HOSTclock
00022003                _free
000220cf                _minit
00022134                _malloc
00022229                _realloc
000223da                _max_free
00022434                _free_memory
0002248a                _chkheap
00022492                _calloc
000224da                __divd
00022945                __cleanup
0002299f                _freopen
00022a68                _fopen
00022aa3                __remull
00022af1                __remlli
00022b20                __mpylli
00022bd8                __divull
00022ccc                __divlli
00022d01                __addd
00022f5a                _Init_SAR
00022f72                _Read_GPAIN1
00022fe3                _Get_Sar_Key
000230ec                _Get_Key_Human
0002318a                __neqd
000231be                __lssd
00023206                __leqd
00023253                __gtrd
0002329e                __geqd
000232e8                __eqld
0002331c                __cmpd
00023374                _fputs
000234a9                _puts
000234d7                __mpyd
00023623                _toggle_LED
00023694                _My_LED_init
000236d8                _main
0002375b                _setvbuf
00023841                __wrt_ok
000238c1                __rd_ok
0002391e                __frcmpyd_div
000239e6                __doflush
00023a4f                _fflush
00023aa8                _writemsg
00023b5d                C$$IO$$
00023b62                _fputc
00023b62                _putc
00023bf9                _putchar
00023c08                __divul
00023ca9                _ltoa
00023d26                _fclose
00023da1                __frcmpyd
00023e17                __remul
00023e89                __fixdli
00023ef8                _readmsg
00023f65                _fseek
00023fd0                __fltlid
00024037                _atoi
00024093                _USBSTK5515_wait
000240c7                _USBSTK5515_waitusec
000240d9                _USBSTK5515_init
000240e7                _printf
00024137                _auto_init
00024184                __args_main
000241cf                __remli
0002421a                __divli
00024262                _memcpy
000242a1                _exit
000242df                _c_int00
00024313                __fixdi
0002433d                I$$UDIV
0002433d                __divu
00024352                I$$UMOD
00024352                __remu
00024367                _memccpy
0002438a                ___isinf
000243a6                __subd
000243ba                I$$LMPY
000243ba                __mpyli
000243cd                __register_unlock
000243d5                __register_lock
000243dd                __nop
000243df                __negd
000243ef                _remove
000243f9                _abort
000243fa                C$$EXIT
            00020000    __CIOBUF_
            00020120    ___cinit__
            00020120    cinit
0004fe00                _Reset
ffffffff                .bss
ffffffff                .data
ffffffff                .text
ffffffff                ___binit__
ffffffff                ___bss__
ffffffff                ___c_args__
ffffffff                ___data__
ffffffff                ___edata__
ffffffff                ___end__
ffffffff                ___etext__
ffffffff                ___pinit__
ffffffff                ___text__
ffffffff                binit
ffffffff                edata
ffffffff                end
ffffffff                etext
ffffffff                pinit

[151 symbols]
